---
source: common_constants/src/delegation_types/keccak_special5.rs
expression: disassembly
---
0:      	mv	a1, a0
4:      	add	a0, zero, zero
8:      	csrw	0x7cb, zero
c:      	csrw	0x7cb, zero
10:      	csrw	0x7cb, zero
14:      	csrw	0x7cb, zero
18:      	csrw	0x7cb, zero
1c:      	csrw	0x7cb, zero
20:      	csrw	0x7cb, zero
24:      	csrw	0x7cb, zero
28:      	csrw	0x7cb, zero
2c:      	csrw	0x7cb, zero
30:      	csrw	0x7cb, zero
34:      	csrw	0x7cb, zero
38:      	csrw	0x7cb, zero
3c:      	csrw	0x7cb, zero
40:      	csrw	0x7cb, zero
44:      	csrw	0x7cb, zero
48:      	csrw	0x7cb, zero
4c:      	csrw	0x7cb, zero
50:      	csrw	0x7cb, zero
54:      	csrw	0x7cb, zero
58:      	csrw	0x7cb, zero
5c:      	csrw	0x7cb, zero
60:      	csrw	0x7cb, zero
64:      	csrw	0x7cb, zero
68:      	csrw	0x7cb, zero
6c:      	csrw	0x7cb, zero
70:      	csrw	0x7cb, zero
74:      	csrw	0x7cb, zero
78:      	csrw	0x7cb, zero
7c:      	csrw	0x7cb, zero
80:      	csrw	0x7cb, zero
84:      	csrw	0x7cb, zero
88:      	csrw	0x7cb, zero
8c:      	csrw	0x7cb, zero
90:      	csrw	0x7cb, zero
94:      	csrw	0x7cb, zero
98:      	csrw	0x7cb, zero
9c:      	csrw	0x7cb, zero
a0:      	csrw	0x7cb, zero
a4:      	csrw	0x7cb, zero
a8:      	csrw	0x7cb, zero
ac:      	csrw	0x7cb, zero
b0:      	csrw	0x7cb, zero
b4:      	csrw	0x7cb, zero
b8:      	csrw	0x7cb, zero
bc:      	csrw	0x7cb, zero
c0:      	csrw	0x7cb, zero
c4:      	csrw	0x7cb, zero
c8:      	csrw	0x7cb, zero
cc:      	csrw	0x7cb, zero
d0:      	csrw	0x7cb, zero
d4:      	csrw	0x7cb, zero
d8:      	csrw	0x7cb, zero
dc:      	csrw	0x7cb, zero
e0:      	csrw	0x7cb, zero
e4:      	csrw	0x7cb, zero
e8:      	csrw	0x7cb, zero
ec:      	csrw	0x7cb, zero
f0:      	csrw	0x7cb, zero
f4:      	csrw	0x7cb, zero
f8:      	csrw	0x7cb, zero
fc:      	csrw	0x7cb, zero
100:      	csrw	0x7cb, zero
104:      	csrw	0x7cb, zero
108:      	csrw	0x7cb, zero
10c:      	csrw	0x7cb, zero
110:      	csrw	0x7cb, zero
114:      	csrw	0x7cb, zero
118:      	csrw	0x7cb, zero
11c:      	csrw	0x7cb, zero
120:      	csrw	0x7cb, zero
124:      	csrw	0x7cb, zero
128:      	csrw	0x7cb, zero
12c:      	csrw	0x7cb, zero
130:      	csrw	0x7cb, zero
134:      	csrw	0x7cb, zero
138:      	csrw	0x7cb, zero
13c:      	csrw	0x7cb, zero
140:      	csrw	0x7cb, zero
144:      	csrw	0x7cb, zero
148:      	csrw	0x7cb, zero
14c:      	csrw	0x7cb, zero
150:      	csrw	0x7cb, zero
154:      	csrw	0x7cb, zero
158:      	csrw	0x7cb, zero
15c:      	csrw	0x7cb, zero
160:      	csrw	0x7cb, zero
164:      	csrw	0x7cb, zero
168:      	csrw	0x7cb, zero
16c:      	csrw	0x7cb, zero
170:      	csrw	0x7cb, zero
174:      	csrw	0x7cb, zero
178:      	csrw	0x7cb, zero
17c:      	csrw	0x7cb, zero
180:      	csrw	0x7cb, zero
184:      	csrw	0x7cb, zero
188:      	csrw	0x7cb, zero
18c:      	csrw	0x7cb, zero
190:      	csrw	0x7cb, zero
194:      	csrw	0x7cb, zero
198:      	csrw	0x7cb, zero
19c:      	csrw	0x7cb, zero
1a0:      	csrw	0x7cb, zero
1a4:      	csrw	0x7cb, zero
1a8:      	csrw	0x7cb, zero
1ac:      	csrw	0x7cb, zero
1b0:      	csrw	0x7cb, zero
1b4:      	csrw	0x7cb, zero
1b8:      	csrw	0x7cb, zero
1bc:      	csrw	0x7cb, zero
1c0:      	csrw	0x7cb, zero
1c4:      	csrw	0x7cb, zero
1c8:      	csrw	0x7cb, zero
1cc:      	csrw	0x7cb, zero
1d0:      	csrw	0x7cb, zero
1d4:      	csrw	0x7cb, zero
1d8:      	csrw	0x7cb, zero
1dc:      	csrw	0x7cb, zero
1e0:      	csrw	0x7cb, zero
1e4:      	csrw	0x7cb, zero
1e8:      	csrw	0x7cb, zero
1ec:      	csrw	0x7cb, zero
1f0:      	csrw	0x7cb, zero
1f4:      	csrw	0x7cb, zero
1f8:      	csrw	0x7cb, zero
1fc:      	csrw	0x7cb, zero
200:      	csrw	0x7cb, zero
204:      	csrw	0x7cb, zero
208:      	csrw	0x7cb, zero
20c:      	csrw	0x7cb, zero
210:      	csrw	0x7cb, zero
214:      	csrw	0x7cb, zero
218:      	csrw	0x7cb, zero
21c:      	csrw	0x7cb, zero
220:      	csrw	0x7cb, zero
224:      	csrw	0x7cb, zero
228:      	csrw	0x7cb, zero
22c:      	csrw	0x7cb, zero
230:      	csrw	0x7cb, zero
234:      	csrw	0x7cb, zero
238:      	csrw	0x7cb, zero
23c:      	csrw	0x7cb, zero
240:      	csrw	0x7cb, zero
244:      	csrw	0x7cb, zero
248:      	csrw	0x7cb, zero
24c:      	csrw	0x7cb, zero
250:      	csrw	0x7cb, zero
254:      	csrw	0x7cb, zero
258:      	csrw	0x7cb, zero
25c:      	csrw	0x7cb, zero
260:      	csrw	0x7cb, zero
264:      	csrw	0x7cb, zero
268:      	csrw	0x7cb, zero
26c:      	csrw	0x7cb, zero
270:      	csrw	0x7cb, zero
274:      	csrw	0x7cb, zero
278:      	csrw	0x7cb, zero
27c:      	csrw	0x7cb, zero
280:      	csrw	0x7cb, zero
284:      	csrw	0x7cb, zero
288:      	csrw	0x7cb, zero
28c:      	csrw	0x7cb, zero
290:      	csrw	0x7cb, zero
294:      	csrw	0x7cb, zero
298:      	csrw	0x7cb, zero
29c:      	csrw	0x7cb, zero
2a0:      	csrw	0x7cb, zero
2a4:      	csrw	0x7cb, zero
2a8:      	csrw	0x7cb, zero
2ac:      	csrw	0x7cb, zero
2b0:      	csrw	0x7cb, zero
2b4:      	csrw	0x7cb, zero
2b8:      	csrw	0x7cb, zero
2bc:      	csrw	0x7cb, zero
2c0:      	csrw	0x7cb, zero
2c4:      	csrw	0x7cb, zero
2c8:      	csrw	0x7cb, zero
2cc:      	csrw	0x7cb, zero
2d0:      	csrw	0x7cb, zero
2d4:      	csrw	0x7cb, zero
2d8:      	csrw	0x7cb, zero
2dc:      	csrw	0x7cb, zero
2e0:      	csrw	0x7cb, zero
2e4:      	csrw	0x7cb, zero
2e8:      	csrw	0x7cb, zero
2ec:      	csrw	0x7cb, zero
2f0:      	csrw	0x7cb, zero
2f4:      	csrw	0x7cb, zero
2f8:      	csrw	0x7cb, zero
2fc:      	csrw	0x7cb, zero
300:      	csrw	0x7cb, zero
304:      	csrw	0x7cb, zero
308:      	csrw	0x7cb, zero
30c:      	csrw	0x7cb, zero
310:      	csrw	0x7cb, zero
314:      	csrw	0x7cb, zero
318:      	csrw	0x7cb, zero
31c:      	csrw	0x7cb, zero
320:      	csrw	0x7cb, zero
324:      	csrw	0x7cb, zero
328:      	csrw	0x7cb, zero
32c:      	csrw	0x7cb, zero
330:      	csrw	0x7cb, zero
334:      	csrw	0x7cb, zero
338:      	csrw	0x7cb, zero
33c:      	csrw	0x7cb, zero
340:      	csrw	0x7cb, zero
344:      	csrw	0x7cb, zero
348:      	csrw	0x7cb, zero
34c:      	csrw	0x7cb, zero
350:      	csrw	0x7cb, zero
354:      	csrw	0x7cb, zero
358:      	csrw	0x7cb, zero
35c:      	csrw	0x7cb, zero
360:      	csrw	0x7cb, zero
364:      	csrw	0x7cb, zero
368:      	csrw	0x7cb, zero
36c:      	csrw	0x7cb, zero
370:      	csrw	0x7cb, zero
374:      	csrw	0x7cb, zero
378:      	csrw	0x7cb, zero
37c:      	csrw	0x7cb, zero
380:      	csrw	0x7cb, zero
384:      	csrw	0x7cb, zero
388:      	csrw	0x7cb, zero
38c:      	csrw	0x7cb, zero
390:      	csrw	0x7cb, zero
394:      	csrw	0x7cb, zero
398:      	csrw	0x7cb, zero
39c:      	csrw	0x7cb, zero
3a0:      	csrw	0x7cb, zero
3a4:      	csrw	0x7cb, zero
3a8:      	csrw	0x7cb, zero
3ac:      	csrw	0x7cb, zero
3b0:      	csrw	0x7cb, zero
3b4:      	csrw	0x7cb, zero
3b8:      	csrw	0x7cb, zero
3bc:      	csrw	0x7cb, zero
3c0:      	csrw	0x7cb, zero
3c4:      	csrw	0x7cb, zero
3c8:      	csrw	0x7cb, zero
3cc:      	csrw	0x7cb, zero
3d0:      	csrw	0x7cb, zero
3d4:      	csrw	0x7cb, zero
3d8:      	csrw	0x7cb, zero
3dc:      	csrw	0x7cb, zero
3e0:      	csrw	0x7cb, zero
3e4:      	csrw	0x7cb, zero
3e8:      	csrw	0x7cb, zero
3ec:      	csrw	0x7cb, zero
3f0:      	csrw	0x7cb, zero
3f4:      	csrw	0x7cb, zero
3f8:      	csrw	0x7cb, zero
3fc:      	csrw	0x7cb, zero
400:      	csrw	0x7cb, zero
404:      	csrw	0x7cb, zero
408:      	csrw	0x7cb, zero
40c:      	csrw	0x7cb, zero
410:      	csrw	0x7cb, zero
414:      	csrw	0x7cb, zero
418:      	csrw	0x7cb, zero
41c:      	csrw	0x7cb, zero
420:      	csrw	0x7cb, zero
424:      	csrw	0x7cb, zero
428:      	csrw	0x7cb, zero
42c:      	csrw	0x7cb, zero
430:      	csrw	0x7cb, zero
434:      	csrw	0x7cb, zero
438:      	csrw	0x7cb, zero
43c:      	csrw	0x7cb, zero
440:      	csrw	0x7cb, zero
444:      	csrw	0x7cb, zero
448:      	csrw	0x7cb, zero
44c:      	csrw	0x7cb, zero
450:      	csrw	0x7cb, zero
454:      	csrw	0x7cb, zero
458:      	csrw	0x7cb, zero
45c:      	csrw	0x7cb, zero
460:      	csrw	0x7cb, zero
464:      	csrw	0x7cb, zero
468:      	csrw	0x7cb, zero
46c:      	csrw	0x7cb, zero
470:      	csrw	0x7cb, zero
474:      	csrw	0x7cb, zero
478:      	csrw	0x7cb, zero
47c:      	csrw	0x7cb, zero
480:      	csrw	0x7cb, zero
484:      	csrw	0x7cb, zero
488:      	csrw	0x7cb, zero
48c:      	csrw	0x7cb, zero
490:      	csrw	0x7cb, zero
494:      	csrw	0x7cb, zero
498:      	csrw	0x7cb, zero
49c:      	csrw	0x7cb, zero
4a0:      	csrw	0x7cb, zero
4a4:      	csrw	0x7cb, zero
4a8:      	csrw	0x7cb, zero
4ac:      	csrw	0x7cb, zero
4b0:      	csrw	0x7cb, zero
4b4:      	csrw	0x7cb, zero
4b8:      	csrw	0x7cb, zero
4bc:      	csrw	0x7cb, zero
4c0:      	csrw	0x7cb, zero
4c4:      	csrw	0x7cb, zero
4c8:      	csrw	0x7cb, zero
4cc:      	csrw	0x7cb, zero
4d0:      	csrw	0x7cb, zero
4d4:      	csrw	0x7cb, zero
4d8:      	csrw	0x7cb, zero
4dc:      	csrw	0x7cb, zero
4e0:      	csrw	0x7cb, zero
4e4:      	csrw	0x7cb, zero
4e8:      	csrw	0x7cb, zero
4ec:      	csrw	0x7cb, zero
4f0:      	csrw	0x7cb, zero
4f4:      	csrw	0x7cb, zero
4f8:      	csrw	0x7cb, zero
4fc:      	csrw	0x7cb, zero
500:      	csrw	0x7cb, zero
504:      	csrw	0x7cb, zero
508:      	csrw	0x7cb, zero
50c:      	csrw	0x7cb, zero
510:      	csrw	0x7cb, zero
514:      	csrw	0x7cb, zero
518:      	csrw	0x7cb, zero
51c:      	csrw	0x7cb, zero
520:      	csrw	0x7cb, zero
524:      	csrw	0x7cb, zero
528:      	csrw	0x7cb, zero
52c:      	csrw	0x7cb, zero
530:      	csrw	0x7cb, zero
534:      	csrw	0x7cb, zero
538:      	csrw	0x7cb, zero
53c:      	csrw	0x7cb, zero
540:      	csrw	0x7cb, zero
544:      	csrw	0x7cb, zero
548:      	csrw	0x7cb, zero
54c:      	csrw	0x7cb, zero
550:      	csrw	0x7cb, zero
554:      	csrw	0x7cb, zero
558:      	csrw	0x7cb, zero
55c:      	csrw	0x7cb, zero
560:      	csrw	0x7cb, zero
564:      	csrw	0x7cb, zero
568:      	csrw	0x7cb, zero
56c:      	csrw	0x7cb, zero
570:      	csrw	0x7cb, zero
574:      	csrw	0x7cb, zero
578:      	csrw	0x7cb, zero
57c:      	csrw	0x7cb, zero
580:      	csrw	0x7cb, zero
584:      	csrw	0x7cb, zero
588:      	csrw	0x7cb, zero
58c:      	csrw	0x7cb, zero
590:      	csrw	0x7cb, zero
594:      	csrw	0x7cb, zero
598:      	csrw	0x7cb, zero
59c:      	csrw	0x7cb, zero
5a0:      	csrw	0x7cb, zero
5a4:      	csrw	0x7cb, zero
5a8:      	csrw	0x7cb, zero
5ac:      	csrw	0x7cb, zero
5b0:      	csrw	0x7cb, zero
5b4:      	csrw	0x7cb, zero
5b8:      	csrw	0x7cb, zero
5bc:      	csrw	0x7cb, zero
5c0:      	csrw	0x7cb, zero
5c4:      	csrw	0x7cb, zero
5c8:      	csrw	0x7cb, zero
5cc:      	csrw	0x7cb, zero
5d0:      	csrw	0x7cb, zero
5d4:      	csrw	0x7cb, zero
5d8:      	csrw	0x7cb, zero
5dc:      	csrw	0x7cb, zero
5e0:      	csrw	0x7cb, zero
5e4:      	csrw	0x7cb, zero
5e8:      	csrw	0x7cb, zero
5ec:      	csrw	0x7cb, zero
5f0:      	csrw	0x7cb, zero
5f4:      	csrw	0x7cb, zero
5f8:      	csrw	0x7cb, zero
5fc:      	csrw	0x7cb, zero
600:      	csrw	0x7cb, zero
604:      	csrw	0x7cb, zero
608:      	csrw	0x7cb, zero
60c:      	csrw	0x7cb, zero
610:      	csrw	0x7cb, zero
614:      	csrw	0x7cb, zero
618:      	csrw	0x7cb, zero
61c:      	csrw	0x7cb, zero
620:      	csrw	0x7cb, zero
624:      	csrw	0x7cb, zero
628:      	csrw	0x7cb, zero
62c:      	csrw	0x7cb, zero
630:      	csrw	0x7cb, zero
634:      	csrw	0x7cb, zero
638:      	csrw	0x7cb, zero
63c:      	csrw	0x7cb, zero
640:      	csrw	0x7cb, zero
644:      	csrw	0x7cb, zero
648:      	csrw	0x7cb, zero
64c:      	csrw	0x7cb, zero
650:      	csrw	0x7cb, zero
654:      	csrw	0x7cb, zero
658:      	csrw	0x7cb, zero
65c:      	csrw	0x7cb, zero
660:      	csrw	0x7cb, zero
664:      	csrw	0x7cb, zero
668:      	csrw	0x7cb, zero
66c:      	csrw	0x7cb, zero
670:      	csrw	0x7cb, zero
674:      	csrw	0x7cb, zero
678:      	csrw	0x7cb, zero
67c:      	csrw	0x7cb, zero
680:      	csrw	0x7cb, zero
684:      	csrw	0x7cb, zero
688:      	csrw	0x7cb, zero
68c:      	csrw	0x7cb, zero
690:      	csrw	0x7cb, zero
694:      	csrw	0x7cb, zero
698:      	csrw	0x7cb, zero
69c:      	csrw	0x7cb, zero
6a0:      	csrw	0x7cb, zero
6a4:      	csrw	0x7cb, zero
6a8:      	csrw	0x7cb, zero
6ac:      	csrw	0x7cb, zero
6b0:      	csrw	0x7cb, zero
6b4:      	csrw	0x7cb, zero
6b8:      	csrw	0x7cb, zero
6bc:      	csrw	0x7cb, zero
6c0:      	csrw	0x7cb, zero
6c4:      	csrw	0x7cb, zero
6c8:      	csrw	0x7cb, zero
6cc:      	csrw	0x7cb, zero
6d0:      	csrw	0x7cb, zero
6d4:      	csrw	0x7cb, zero
6d8:      	csrw	0x7cb, zero
6dc:      	csrw	0x7cb, zero
6e0:      	csrw	0x7cb, zero
6e4:      	csrw	0x7cb, zero
6e8:      	csrw	0x7cb, zero
6ec:      	csrw	0x7cb, zero
6f0:      	csrw	0x7cb, zero
6f4:      	csrw	0x7cb, zero
6f8:      	csrw	0x7cb, zero
6fc:      	csrw	0x7cb, zero
700:      	csrw	0x7cb, zero
704:      	csrw	0x7cb, zero
708:      	csrw	0x7cb, zero
70c:      	csrw	0x7cb, zero
710:      	csrw	0x7cb, zero
714:      	csrw	0x7cb, zero
718:      	csrw	0x7cb, zero
71c:      	csrw	0x7cb, zero
720:      	csrw	0x7cb, zero
724:      	csrw	0x7cb, zero
728:      	csrw	0x7cb, zero
72c:      	csrw	0x7cb, zero
730:      	csrw	0x7cb, zero
734:      	csrw	0x7cb, zero
738:      	csrw	0x7cb, zero
73c:      	csrw	0x7cb, zero
740:      	csrw	0x7cb, zero
744:      	csrw	0x7cb, zero
748:      	csrw	0x7cb, zero
74c:      	csrw	0x7cb, zero
750:      	csrw	0x7cb, zero
754:      	csrw	0x7cb, zero
758:      	csrw	0x7cb, zero
75c:      	csrw	0x7cb, zero
760:      	csrw	0x7cb, zero
764:      	csrw	0x7cb, zero
768:      	csrw	0x7cb, zero
76c:      	csrw	0x7cb, zero
770:      	csrw	0x7cb, zero
774:      	csrw	0x7cb, zero
778:      	csrw	0x7cb, zero
77c:      	csrw	0x7cb, zero
780:      	csrw	0x7cb, zero
784:      	csrw	0x7cb, zero
788:      	csrw	0x7cb, zero
78c:      	csrw	0x7cb, zero
790:      	csrw	0x7cb, zero
794:      	csrw	0x7cb, zero
798:      	csrw	0x7cb, zero
79c:      	csrw	0x7cb, zero
7a0:      	csrw	0x7cb, zero
7a4:      	csrw	0x7cb, zero
7a8:      	csrw	0x7cb, zero
7ac:      	csrw	0x7cb, zero
7b0:      	csrw	0x7cb, zero
7b4:      	csrw	0x7cb, zero
7b8:      	csrw	0x7cb, zero
7bc:      	csrw	0x7cb, zero
7c0:      	csrw	0x7cb, zero
7c4:      	csrw	0x7cb, zero
7c8:      	csrw	0x7cb, zero
7cc:      	csrw	0x7cb, zero
7d0:      	csrw	0x7cb, zero
7d4:      	csrw	0x7cb, zero
7d8:      	csrw	0x7cb, zero
7dc:      	csrw	0x7cb, zero
7e0:      	csrw	0x7cb, zero
7e4:      	csrw	0x7cb, zero
7e8:      	csrw	0x7cb, zero
7ec:      	csrw	0x7cb, zero
7f0:      	csrw	0x7cb, zero
7f4:      	csrw	0x7cb, zero
7f8:      	csrw	0x7cb, zero
7fc:      	csrw	0x7cb, zero
800:      	csrw	0x7cb, zero
804:      	csrw	0x7cb, zero
808:      	csrw	0x7cb, zero
80c:      	csrw	0x7cb, zero
810:      	csrw	0x7cb, zero
814:      	csrw	0x7cb, zero
818:      	csrw	0x7cb, zero
81c:      	csrw	0x7cb, zero
820:      	csrw	0x7cb, zero
824:      	csrw	0x7cb, zero
828:      	csrw	0x7cb, zero
82c:      	csrw	0x7cb, zero
830:      	csrw	0x7cb, zero
834:      	csrw	0x7cb, zero
838:      	csrw	0x7cb, zero
83c:      	csrw	0x7cb, zero
840:      	csrw	0x7cb, zero
844:      	csrw	0x7cb, zero
848:      	csrw	0x7cb, zero
84c:      	csrw	0x7cb, zero
850:      	csrw	0x7cb, zero
854:      	csrw	0x7cb, zero
858:      	csrw	0x7cb, zero
85c:      	csrw	0x7cb, zero
860:      	csrw	0x7cb, zero
864:      	csrw	0x7cb, zero
868:      	csrw	0x7cb, zero
86c:      	csrw	0x7cb, zero
870:      	csrw	0x7cb, zero
874:      	csrw	0x7cb, zero
878:      	csrw	0x7cb, zero
87c:      	csrw	0x7cb, zero
880:      	csrw	0x7cb, zero
884:      	csrw	0x7cb, zero
888:      	csrw	0x7cb, zero
88c:      	csrw	0x7cb, zero
890:      	csrw	0x7cb, zero
894:      	csrw	0x7cb, zero
898:      	csrw	0x7cb, zero
89c:      	csrw	0x7cb, zero
8a0:      	csrw	0x7cb, zero
8a4:      	csrw	0x7cb, zero
8a8:      	csrw	0x7cb, zero
8ac:      	csrw	0x7cb, zero
8b0:      	csrw	0x7cb, zero
8b4:      	csrw	0x7cb, zero
8b8:      	csrw	0x7cb, zero
8bc:      	csrw	0x7cb, zero
8c0:      	csrw	0x7cb, zero
8c4:      	csrw	0x7cb, zero
8c8:      	csrw	0x7cb, zero
8cc:      	csrw	0x7cb, zero
8d0:      	csrw	0x7cb, zero
8d4:      	csrw	0x7cb, zero
8d8:      	csrw	0x7cb, zero
8dc:      	csrw	0x7cb, zero
8e0:      	csrw	0x7cb, zero
8e4:      	csrw	0x7cb, zero
8e8:      	csrw	0x7cb, zero
8ec:      	csrw	0x7cb, zero
8f0:      	csrw	0x7cb, zero
8f4:      	csrw	0x7cb, zero
8f8:      	csrw	0x7cb, zero
8fc:      	csrw	0x7cb, zero
900:      	csrw	0x7cb, zero
904:      	csrw	0x7cb, zero
908:      	csrw	0x7cb, zero
90c:      	csrw	0x7cb, zero
910:      	csrw	0x7cb, zero
914:      	csrw	0x7cb, zero
918:      	csrw	0x7cb, zero
91c:      	csrw	0x7cb, zero
920:      	csrw	0x7cb, zero
924:      	csrw	0x7cb, zero
928:      	csrw	0x7cb, zero
92c:      	csrw	0x7cb, zero
930:      	csrw	0x7cb, zero
934:      	csrw	0x7cb, zero
938:      	csrw	0x7cb, zero
93c:      	csrw	0x7cb, zero
940:      	csrw	0x7cb, zero
944:      	csrw	0x7cb, zero
948:      	csrw	0x7cb, zero
94c:      	csrw	0x7cb, zero
950:      	csrw	0x7cb, zero
954:      	csrw	0x7cb, zero
958:      	csrw	0x7cb, zero
95c:      	csrw	0x7cb, zero
960:      	csrw	0x7cb, zero
964:      	csrw	0x7cb, zero
968:      	csrw	0x7cb, zero
96c:      	csrw	0x7cb, zero
970:      	csrw	0x7cb, zero
974:      	csrw	0x7cb, zero
978:      	csrw	0x7cb, zero
97c:      	csrw	0x7cb, zero
980:      	csrw	0x7cb, zero
984:      	csrw	0x7cb, zero
988:      	csrw	0x7cb, zero
98c:      	csrw	0x7cb, zero
990:      	csrw	0x7cb, zero
994:      	csrw	0x7cb, zero
998:      	csrw	0x7cb, zero
99c:      	csrw	0x7cb, zero
9a0:      	csrw	0x7cb, zero
9a4:      	csrw	0x7cb, zero
9a8:      	csrw	0x7cb, zero
9ac:      	csrw	0x7cb, zero
9b0:      	csrw	0x7cb, zero
9b4:      	csrw	0x7cb, zero
9b8:      	csrw	0x7cb, zero
9bc:      	csrw	0x7cb, zero
9c0:      	csrw	0x7cb, zero
9c4:      	csrw	0x7cb, zero
9c8:      	csrw	0x7cb, zero
9cc:      	csrw	0x7cb, zero
9d0:      	csrw	0x7cb, zero
9d4:      	csrw	0x7cb, zero
9d8:      	csrw	0x7cb, zero
9dc:      	csrw	0x7cb, zero
9e0:      	csrw	0x7cb, zero
9e4:      	csrw	0x7cb, zero
9e8:      	csrw	0x7cb, zero
9ec:      	csrw	0x7cb, zero
9f0:      	csrw	0x7cb, zero
9f4:      	csrw	0x7cb, zero
9f8:      	csrw	0x7cb, zero
9fc:      	csrw	0x7cb, zero
a00:      	csrw	0x7cb, zero
a04:      	csrw	0x7cb, zero
a08:      	csrw	0x7cb, zero
a0c:      	csrw	0x7cb, zero
a10:      	csrw	0x7cb, zero
a14:      	csrw	0x7cb, zero
a18:      	csrw	0x7cb, zero
a1c:      	csrw	0x7cb, zero
a20:      	csrw	0x7cb, zero
a24:      	csrw	0x7cb, zero
a28:      	csrw	0x7cb, zero
a2c:      	ret
